exports[`test renders SceneItem 1`] = `
<div
  className="panel panel-default scene-item undefined">
  <div
    className="panel-heading">
    <button
      className="btn btn-primary"
      onClick={[Function]}>
      激活
    </button>
  </div>
  <div
    className="panel-body">
    <span>
      包含设备:  
    </span>
    
  </div>
</div>
`;
