exports[`<ModulePopup snapshot 1`] = `
<div
  className="modal-content user-module-edit-popup">
  <div
    className="modal-header">
    <button
      aria-label="Close"
      className="close"
      data-dismiss="modal"
      onClick={[Function]}
      type="button">
      <span
        aria-hidden="true">
        ×
      </span>
    </button>
    <h4
      className="modal-title">
      模块权限管理
    </h4>
  </div>
  <div
    className="modal-body">
    <div
      className="form-group row module-per">
      <label
        className="control-label">
        模块权限:
      </label>
      <div
        className="module-content">
        <div
          className="all-module-list">
          <ul>
            <li>
              <span
                className="glyphicon glyphicon-plus"
                onClick={[Function]} />
              资产管理
            </li>
            <li>
              <span
                className="list-node-add">
                已添加
              </span>
              权限管理
            </li>
            <li>
              <span
                className="list-node-add">
                已添加
              </span>
              系统运维
            </li>
            <li>
              <span
                className="glyphicon glyphicon-plus"
                onClick={[Function]} />
              系统控制
            </li>
            <li>
              <span
                className="glyphicon glyphicon-plus"
                onClick={[Function]} />
              报表管理
            </li>
            <li>
              <span
                className="glyphicon glyphicon-plus"
                onClick={[Function]} />
              媒体发布
            </li>
            <li>
              <span
                className="glyphicon glyphicon-plus"
                onClick={[Function]} />
              可视化
            </li>
            <li>
              <span
                className="glyphicon glyphicon-plus"
                onClick={[Function]} />
              域管理
            </li>
          </ul>
        </div>
        <div
          className="module-list">
          <ul>
            <li>
              <span
                className="icon-table-delete"
                onClick={[Function]} />
              权限管理
            </li>
            <li>
              <span
                className="icon-table-delete"
                onClick={[Function]} />
              系统运维
            </li>
          </ul>
        </div>
      </div>
    </div>
  </div>
  <div
    className="modal-footer">
    <button
      className="btn btn-default"
      disabled={false}
      onClick={[Function]}
      type="button">
      取消
    </button>
    <button
      className="btn btn-primary"
      disabled={false}
      onClick={[Function]}
      type="button">
      确认
    </button>
  </div>
</div>
`;
