exports[`<PermissionManage /> snapshot 1`] = `
<div
  className="container permission-manage">
  <div
    className="head">
    <div
      className="home"
      onClick={[Function]}>
      <span
        aria-hidden="true"
        className="glyphicon glyphicon-home" />
    </div>
    <span
      className="title">
      权限管理
    </span>
    <div
      className="user-center ">
      <div
        className="user-icon clearfix">
        <span
          aria-hidden="true"
          className="glyphicon glyphicon-user" />
      </div>
      <ul
        className="user-list">
        <li
          onClick={[Function]}>
          <svg>
            <use
              height="200"
              transform="scale(0.08,0.08)"
              viewBox="0 0 20 20"
              width="200"
              x="0"
              xlinkHref="#alter"
              y="0" />
          </svg>
          <span>
            修改密码
          </span>
        </li>
        <li
          onClick={[Function]}>
          <svg>
            <use
              height="200"
              transform="scale(0.08,0.08)"
              viewBox="0 0 20 20"
              width="200"
              x="0"
              xlinkHref="#exit"
              y="0" />
          </svg>
          <span>
            退出管理系统
          </span>
        </li>
      </ul>
    </div>
    <div
      className="language-switch ">
      <div
        className="lanauage-icon">
        <svg>
          <use
            height="200"
            transform="scale(0.1957,0.195)"
            viewBox="0 0 36 20"
            width="200"
            x="-8"
            xlinkHref="#zh"
            y="-45" />
        </svg>
      </div>
      <ul
        className="list-group">
        <li
          className="list-group-item"
          onClick={[Function]}>
          <svg>
            <use
              height="200"
              transform="scale(0.13,0.13)"
              viewBox="0 0 28 17"
              width="200"
              x="-8"
              xlinkHref="#zh"
              y="-45" />
          </svg>
          <span>
            简体中文
          </span>
        </li>
        <li
          className="list-group-item"
          onClick={[Function]}>
          <svg>
            <use
              height="200"
              transform="scale(0.13,0.13)"
              viewBox="0 0 28 17"
              width="200"
              x="-8"
              xlinkHref="#en"
              y="-45" />
          </svg>
          <span>
            ENGLISH
          </span>
        </li>
      </ul>
    </div>
  </div>
  <div
    className="content ">
    <div
      className="heading">
      <div
        className="searchText search"
        onBlur={[Function]}
        onFocus={[Function]}
        onKeyDown={[Function]}>
        <input
          className="form-control"
          onChange={[Function]}
          placeholder="输入用户名称"
          type="search"
          value="" />
        <ul
          className="" />
        <span
          className="glyphicon glyphicon-search"
          onClick={[Function]} />
      </div>
      <button
        className="btn btn-primary"
        onClick={[Function]}>
        添加
      </button>
    </div>
    <div
      className="table-container">
      <div
        className="table-responsive ">
        <table
          className="table table-hover">
          <thead>
            <tr>
              <th
                className="hidden">
                <input
                  checked={undefined}
                  onChange={[Function]}
                  type="checkbox" />
              </th>
              <th>
                 
              </th>
              <th>
                用户名称
              </th>
              <th>
                最后登录时间
              </th>
              <th />
            </tr>
          </thead>
          <tbody />
        </table>
      </div>
      <ul
        className="rc-pagination page hidden"
        style={Object {}}
        unselectable="unselectable">
        <li
          aria-disabled={true}
          className="rc-pagination-disabled rc-pagination-prev"
          onClick={[Function]}
          onKeyPress={[Function]}
          tabIndex="0"
          title="上一页">
          <a>
            
          </a>
        </li>
        <li
          aria-disabled={true}
          className="rc-pagination-disabled rc-pagination-next"
          onClick={[Function]}
          onKeyPress={[Function]}
          tabIndex="0"
          title="下一页">
          <a>
            
          </a>
        </li>
        <div
          className="rc-pagination-options" />
      </ul>
    </div>
  </div>
  <div
    className="overlayer "
    onClick={[Function]}>
    <div
      className=""
      id="animate" />
  </div>
</div>
`;
