exports[`<LampConCenter /> component snapshot 1`] = `
<div
  className="content offset-right ">
  <div
    className="heading">
    <select
      className="select form-control "
      id="domain"
      onChange={[Function]}
      value="">
      <option
        value={undefined} />
      <option
        value={undefined} />
      <option
        value={undefined} />
      <option
        value={undefined} />
      <option
        value={undefined} />
      <option
        value={undefined} />
      <option
        value={undefined} />
    </select>
    <div
      className="searchText "
      onBlur={[Function]}
      onFocus={[Function]}
      onKeyDown={[Function]}>
      <input
        className="form-control"
        onChange={[Function]}
        placeholder="输入设备名称"
        type="search"
        value="" />
      <ul
        className="" />
      <span
        className="glyphicon glyphicon-search"
        onClick={[Function]} />
    </div>
    <button
      className="btn btn-primary add-domain"
      id="sys-add"
      onClick={[Function]}>
      添加
    </button>
  </div>
  <div
    className="lcc">
    <div
      className="table-container">
      <div
        className="table-responsive ">
        <table
          className="table table-hover">
          <thead>
            <tr>
              <th
                className="hidden">
                <input
                  checked={undefined}
                  onChange={[Function]}
                  type="checkbox" />
              </th>
              <th>
                域
              </th>
              <th>
                设备名称
              </th>
              <th>
                型号
              </th>
              <th>
                设备编号
              </th>
              <th>
                经度
              </th>
              <th>
                纬度
              </th>
            </tr>
          </thead>
          <tbody />
        </table>
      </div>
      <ul
        className="rc-pagination page hidden"
        style={Object {}}
        unselectable="unselectable">
        <li
          aria-disabled={true}
          className="rc-pagination-disabled rc-pagination-prev"
          onClick={[Function]}
          onKeyPress={[Function]}
          tabIndex="0"
          title="上一页">
          <a>
            
          </a>
        </li>
        <li
          aria-disabled={true}
          className="rc-pagination-disabled rc-pagination-next"
          onClick={[Function]}
          onKeyPress={[Function]}
          tabIndex="0"
          title="下一页">
          <a>
            
          </a>
        </li>
        <div
          className="rc-pagination-options" />
      </ul>
    </div>
  </div>
  <div
    className="container-fluid sidebar-info ">
    <div
      className="row collapse-container"
      onClick={[Function]}>
      <span
        className="icon_verital" />
    </div>
    <div
      className="panel panel-default device-statics-info">
      <div
        className="panel-heading">
        <span
          className="icon_sys_select" />
        选中设备
      </div>
      <div
        className="panel-body domain-property">
        <span
          className="domain-name">
          
        </span>
        <button
          className="btn btn-primary pull-right"
          disabled={true}
          id="sys-update"
          onClick={[Function]}>
          编辑
        </button>
        <button
          className="btn btn-danger pull-right"
          disabled={true}
          id="sys-delete"
          onClick={[Function]}>
          删除
        </button>
      </div>
    </div>
    <div
      className="panel panel-default device-statics-info whitelist">
      <div
        className="panel-heading">
        <span
          className="icon_sys_whitelist" />
        白名单
      </div>
      <div
        className="panel-body domain-property">
        <span
          className="domain-name">
          包含：0 个项目
        </span>
        <button
          className="btn btn-primary pull-right"
          disabled={true}
          id="sys-whitelist"
          onClick={[Function]}>
          编辑
        </button>
      </div>
    </div>
    <div
      className="panel panel-default map-position">
      <div
        className="panel-heading">
        <span
          className="icon_map_position" />
        地图位置
      </div>
      <div
        className="map-container panel-body">
        <div
          className="map-view "
          id="systemOperation" />
      </div>
    </div>
  </div>
</div>
`;
