exports[`<WhiteListPopup /> snapshot 1`] = `
<div
  className="white-popup">
  <div
    className="modal-content ">
    <div
      className="modal-header">
      <button
        aria-label="Close"
        className="close"
        data-dismiss="modal"
        onClick={[Function]}
        type="button">
        <span
          aria-hidden="true">
          ×
        </span>
      </button>
      <h4
        className="modal-title" />
    </div>
    <div
      className="modal-body">
      <div
        className="row search-group">
        <div
          className="searchText "
          onBlur={[Function]}
          onFocus={[Function]}
          onKeyDown={[Function]}>
          <input
            className="form-control"
            onChange={[Function]}
            placeholder={null}
            type="search"
            value="" />
          <ul
            className="" />
          <span
            className="glyphicon glyphicon-search"
            onClick={[Function]} />
        </div>
        <button
          className="btn btn-primary"
          onClick={[Function]}>
          <span>
            button.add
          </span>
        </button>
      </div>
      <div
        className="table-list">
        <ul
          className="table-header">
          <li
            className="tables-cell">
            <span>
              name
            </span>
          </li>
          <li
            className="tables-cell">
            <span>
              id
            </span>
          </li>
          <li
            className="tables-cell" />
        </ul>
        <div
          className="table-body">
          <ul />
        </div>
      </div>
    </div>
    <div
      className="modal-footer">
      <button
        className="btn btn-primary"
        onClick={[Function]}
        type="button">
        <span>
          button.finish
        </span>
      </button>
    </div>
  </div>
</div>
`;
