exports[`test SearchText renders 1`] = `
<div
  className="searchText "
  onBlur={[Function]}
  onFocus={[Function]}>
  <input
    onChange={[Function]}
    placeholder=""
    type="search"
    value="hello world" />
  <ul
    className="" />
  <span
    className="glyphicon glyphicon-search"
    onClick={[Function]} />
</div>
`;
