exports[`test SidebarInfo renders 1`] = `
<div
  className="container-fluid sidebar-info "
  style={undefined}>
  <div
    className="row collapse-container"
    onClick={[Function]}>
    <span
      className="icon_verital" />
  </div>
  <div
    className="panel panel-default map-position">
    <div
      className="panel-heading">
      <span
        className="icon_map_position" />
      地图位置
    </div>
    <div
      className="map-container panel-body">
      <div
        className="map-view "
        id="example" />
    </div>
  </div>
</div>
`;
