exports[`test SidebarInfo renders 1`] = `
<div
  className="container-fluid sidebar-info "
  style={undefined}>
  <div
    className="row collapse-container"
    onClick={[Function]}>
    <span
      className="icon_verital" />
  </div>
  <div
    className="panel panel-default map-position">
    <div
      className="panel-heading">
      <svg>
        <use
          height="200"
          transform="scale(0.086,0.086)"
          viewBox="0 0 20 20"
          width="200"
          x="0"
          xlinkHref="#icon_map_position"
          y="0" />
      </svg>
      地图位置
    </div>
    <div
      className="map-container panel-body">
      <div
        className="map-view "
        id="example" />
    </div>
  </div>
</div>
`;
