exports[`test table renders 1`] = `
<div
  className="table-responsive ">
  <table
    className="table table-hover">
    <thead>
      <tr>
        <th
          className="hidden">
          <input
            checked={undefined}
            onChange={[Function]}
            type="checkbox" />
        </th>
        <th />
        <th />
      </tr>
    </thead>
    <tbody>
      <tr
        onClick={[Function]}>
        <td
          className="hidden">
          <input
            checked={undefined}
            onChange={[Function]}
            type="checkbox" />
        </td>
        <td>
          xiaohong
        </td>
        <td>
          shanghai
        </td>
      </tr>
      <tr
        onClick={[Function]}>
        <td
          className="hidden">
          <input
            checked={undefined}
            onChange={[Function]}
            type="checkbox" />
        </td>
        <td>
          xiaogang
        </td>
        <td>
          beijing
        </td>
      </tr>
    </tbody>
  </table>
</div>
`;
