exports[`test TreeView renders 1`] = `
<div
  className="tree-list">
  <ul
    className="tree-1">
    <li
      className="node active">
      <div
        onClick={[Function]}>
        <a
          onClick={[Function]}
          style={Object {}}>
          <span
            className="glyphicon glyphicon-triangle-bottom" />
          资产管理
        </a>
      </div>
      <ul
        className="tree-2">
        <li
          className="node ">
          <div
            onClick={[Function]}>
            <a
              onClick={[Function]}
              style={Object {}}>
              <span
                className="glyphicon glyphicon-list-alt" />
              灯集中控制器灯集中控
            </a>
          </div>
        </li>
        <li
          className="node ">
          <div
            onClick={[Function]}>
            <a
              onClick={[Function]}
              style={Object {}}>
              <span
                className="glyphicon glyphicon-lamp" />
              LED灯
            </a>
          </div>
        </li>
      </ul>
    </li>
    <li
      className="node active">
      <div
        onClick={[Function]}>
        <a
          onClick={[Function]}
          style={Object {}}>
          <span
            className="glyphicon glyphicon-triangle-right" />
          资产统计
        </a>
      </div>
    </li>
  </ul>
</div>
`;
