exports[`test TreeView renders 1`] = `
<div
  className="tree-list undefined">
  <ul
    className="tree-1"
    style={
      Object {
        "height": "auto",
      }
    }>
    <li
      className="node active">
      <a
        onClick={[Function]}
        style={Object {}}>
        <div
          onClick={[Function]}
          title="资产管理">
          <span
            className="glyphicon glyphicon-triangle-bottom toggled" />
          资产管理
        </div>
      </a>
      <ul
        className="tree-2"
        style={
          Object {
            "height": "80px",
          }
        }>
        <li
          className="node ">
          <a
            onClick={[Function]}
            style={Object {}}>
            <div
              onClick={[Function]}
              title="灯集中控制器灯集中控">
              <span
                className="icon glyphicon-list-alt" />
              <span>
                灯集中控制器...
              </span>
            </div>
          </a>
        </li>
        <li
          className="node ">
          <a
            onClick={[Function]}
            style={Object {}}>
            <div
              onClick={[Function]}
              title="LED灯">
              <span
                className="icon glyphicon-lamp" />
              <span>
                LED灯
              </span>
            </div>
          </a>
        </li>
      </ul>
    </li>
    <li
      className="node active">
      <a
        onClick={[Function]}
        style={Object {}}>
        <div
          onClick={[Function]}
          title="资产统计">
          <span
            className="icon undefined" />
          <span>
            资产统计
          </span>
        </div>
      </a>
    </li>
  </ul>
</div>
`;
