exports[`<Login /> snapshot 1`] = `
<div
  className="container-login"
  onKeyDown={[Function]}>
  <header>
    <div
      className="main-title">
      <span
        className="login_logo" />
      <h3>
        StarRiver
      </h3>
    </div>
    <div
      className="sub-title">
      <p>
        智慧路灯管理系统
      </p>
      <p>
        Smart Pole Control System
      </p>
    </div>
  </header>
  <div
    className="container-mid">
    <div
      className="bg-cover" />
    <div
      className="login-right pull-right">
      <p>
        用户登录
      </p>
      <div
        className="form-group has-feedback">
        <input
          className="form-control"
          id="username"
          onChange={[Function]}
          onFocus={[Function]}
          type="text"
          value="" />
        <span
          className="login_user form-control-feedback" />
      </div>
      <div
        className="form-group has-feedback">
        <input
          className="form-control"
          id="password"
          onChange={[Function]}
          onFocus={[Function]}
          type="password"
          value="" />
        <span
          className="login_password form-control-feedback" />
      </div>
      <p
        style={
          Object {
            "visibility": "hidden",
          }
        }>
        用户名或密码错误
      </p>
      <button
        className="btn btn-block btn-login"
        onClick={[Function]}
        type="button">
        登录
      </button>
    </div>
  </div>
  <footer>
    Copyright © 2017 SANSITECH.All rights reserverd.
  </footer>
</div>
`;
