exports[`<Login /> snapshot 1`] = `
<div
  className="container-login"
  onKeyDown={[Function]}>
  <header>
    <div
      className="main-title">
      <svg
        className="svgOnload">
        <defs>
          <linearGradient
            id="linear_login_login"
            x1="0%"
            x2="0%"
            y1="0%"
            y2="100%">
            <stop
              offset="0%"
              style={
                Object {
                  "stopColor": "rgb(0,105,212)",
                  "stopOpacity": 1,
                }
              } />
            <stop
              offset="100%"
              style={
                Object {
                  "stopColor": "rgb(4,83,166)",
                  "stopOpacity": 1,
                }
              } />
          </linearGradient>
        </defs>
        <symbol
          id="login_logo">
          <path
            d="M100,3C46.428,3,3,46.428,3,100s43.428,97,97,97s97-43.428,97-97S153.572,3,100,3z M96.869,41.074 c3.489-3.489,5.68-16.123,5.68-16.123s1.988,12.35,5.72,16.082c3.732,3.733,16.082,5.721,16.082,5.721s-12.471,2.029-16.123,5.68 c-3.651,3.651-5.68,16.123-5.68,16.123s-2.191-12.634-5.68-16.123c-3.489-3.489-16.123-5.68-16.123-5.68S93.38,44.563,96.869,41.074 z M14.829,86.988c0,0,24.676-4.279,31.491-11.094c6.815-6.815,11.094-31.491,11.094-31.491s3.883,24.122,11.173,31.412 S100,86.988,100,86.988S75.641,90.95,68.509,98.082c-7.132,7.132-11.094,31.491-11.094,31.491s-4.279-24.676-11.094-31.491 C39.506,91.267,14.829,86.988,14.829,86.988z M135.424,87.877c-2.401,26.318,6.978,80.141,6.978,80.141 c-8.124,5.312-24.398,13.068-40.986,13.012c17.286-23.264,16.624-55.598,16.624-55.598c-8.675,27.996-31.975,53.823-31.975,53.823 c-28.65-5.718-46.331-27.602-46.331-27.602s44.789,2.169,71.208-52.246c23.264-56.386,52.345-49.19,52.837-48.894 C144.853,60.372,137.116,75.17,135.424,87.877z "
            fill="url(#linear_login_login)" />
        </symbol>
      </svg>
      <svg
        className="login_logo">
        <use
          height="200"
          transform="scale(0.41,0.41)"
          viewBox="0 0 81 81"
          width="200"
          x="0"
          xlinkHref="#login_logo"
          y="0" />
      </svg>
      <h3>
        StarRiver
      </h3>
    </div>
    <div
      className="sub-title">
      <p>
        <span>
          app.title
        </span>
      </p>
    </div>
    <div
      className="language-switch ">
      <div
        className="language-icon">
        <span
          className="icon_chinese" />
      </div>
      <ul
        className="list-group">
        <li
          className="list-group-item"
          onClick={[Function]}>
          <span
            className="icon_chinese" />
          <span>
            简体中文
          </span>
        </li>
        <li
          className="list-group-item"
          onClick={[Function]}>
          <span
            className="icon_english" />
          <span>
            ENGLISH
          </span>
        </li>
      </ul>
    </div>
  </header>
  <div
    className="container-mid">
    <div
      className="bg-cover" />
    <div
      className="login-right pull-right">
      <p>
        <span>
          login.form.title
        </span>
      </p>
      <div
        className="form-group has-feedback">
        <input
          className="form-control"
          id="username"
          onChange={[Function]}
          onFocus={[Function]}
          type="text"
          value="" />
        <span
          className="login_user form-control-feedback" />
      </div>
      <div
        className="form-group has-feedback">
        <input
          className="form-control"
          id="password"
          onChange={[Function]}
          onFocus={[Function]}
          type="password"
          value="" />
        <span
          className="login_password form-control-feedback" />
      </div>
      <p
        style={
          Object {
            "visibility": "hidden",
          }
        }>
        <span>
          login.alert
        </span>
      </p>
      <button
        className="btn btn-block btn-login"
        onClick={[Function]}
        type="button">
        <span>
          login.button
        </span>
      </button>
    </div>
  </div>
  <footer>
    <span>
      app.copyright
    </span>
  </footer>
</div>
`;
