exports[`test MapPreview renders 1`] = `
<div
  className="content map-preview">
  <div
    className="map-view  "
    id="mapPreview" />
  <div
    className="searchText "
    onBlur={[Function]}
    onFocus={[Function]}
    onKeyDown={[Function]}>
    <input
      className="form-control"
      onChange={[Function]}
      placeholder="输入域名称搜索"
      type="search"
      value="" />
    <ul
      className="" />
    <span
      className="glyphicon glyphicon-search"
      onClick={[Function]} />
  </div>
</div>
`;
