exports[`test MapPreview renders 1`] = `
<div
  className="content map-preview">
  <div
    className="map-view "
    id="mapPreview" />
  <div
    className="searchText "
    onBlur={[Function]}
    onFocus={[Function]}
    onKeyDown={[Function]}>
    <input
      onChange={[Function]}
      placeholder="输入域名称搜索"
      type="search"
      value="" />
    <ul
      className="">
      <li
        className=""
        onClick={[Function]}
        value="domain1">
        domain1
      </li>
      <li
        className=""
        onClick={[Function]}
        value="domain2">
        domain2
      </li>
    </ul>
    <span
      className="glyphicon glyphicon-search"
      onClick={[Function]} />
  </div>
</div>
`;
