exports[`<AlterPwPopup /> snapshot 1`] = `
<div
  className="">
  <div
    className="modal "
    role="dialog">
    <div
      className="modal-dialog"
      role="document">
      <div
        className="modal-content">
        <div
          className="modal-header">
          <button
            aria-label="Close"
            className="close"
            data-dismiss="modal"
            onClick={[Function]}
            type="button">
            <span
              aria-hidden="true">
              ×
            </span>
          </button>
          <h4
            className="modal-title">
            修改密码
          </h4>
        </div>
        <div
          className="modal-body">
          <div
            className="form-group row">
            <label
              className="col-sm-3 control-label"
              htmlFor="oldPw">
              旧密码：
            </label>
            <div
              className="col-sm-9">
              <input
                className="form-control"
                id="oldPw"
                onChange={[Function]}
                placeholder="输入旧密码"
                type="password"
                value="" />
            </div>
          </div>
          <div
            className="form-group row">
            <label
              className="col-sm-3 control-label"
              htmlFor="newPw">
              新密码：
            </label>
            <div
              className="col-sm-9">
              <input
                className="form-control"
                id="newPw"
                onChange={[Function]}
                placeholder="输入新密码"
                type="password"
                value="" />
            </div>
          </div>
          <div
            className="form-group row">
            <label
              className="col-sm-3 control-label"
              htmlFor="repPw">
              重复密码：
            </label>
            <div
              className="col-sm-9">
              <input
                className="form-control"
                id="repPw"
                onChange={[Function]}
                placeholder="再次输入新密码"
                type="password"
                value="" />
            </div>
          </div>
        </div>
        <div
          className="modal-footer">
          <button
            className="btn btn-default"
            disabled={false}
            onClick={[Function]}
            type="button">
            取消
          </button>
          <button
            className="btn btn-primary"
            disabled={false}
            onClick={[Function]}
            type="button">
            确认
          </button>
        </div>
      </div>
    </div>
  </div>
</div>
`;
