exports[`<ConfirmPopup /> snapshot 1`] = `
<div
  className="usr-exit">
  <div
    className="tips">
    <div>
      <span
        className="icon icon-class" />
    </div>
    tips
  </div>
  <div
    className="btn-toolbar">
    <div
      className="btn-group">
      <button
        className="btn btn-default"
        onClick={[Function]}>
        <span>
          button.cancel
        </span>
      </button>
    </div>
    <div
      className="btn-group">
      <button
        className="btn btn-primary"
        onClick={[Function]}>
        <span>
          button.confirm
        </span>
      </button>
    </div>
  </div>
</div>
`;
