exports[`<UserCenter /> snapshot 1`] = `
<div
  className="user-center ">
  <div
    className="user-icon clearfix">
    <span
      aria-hidden="true"
      className="glyphicon glyphicon-user" />
  </div>
  <ul
    className="user-list">
    <li
      onClick={[Function]}>
      <svg>
        <use
          height="200"
          transform="scale(0.08,0.08)"
          viewBox="0 0 20 20"
          width="200"
          x="0"
          xlinkHref="#alter"
          y="0" />
      </svg>
      <span>
        修改密码
      </span>
    </li>
    <li
      onClick={[Function]}>
      <svg>
        <use
          height="200"
          transform="scale(0.08,0.08)"
          viewBox="0 0 20 20"
          width="200"
          x="0"
          xlinkHref="#exit"
          y="0" />
      </svg>
      <span>
        退出管理系统
      </span>
    </li>
  </ul>
</div>
`;
