exports[`<UserCenter /> snapshot 1`] = `
<div
  className="user-center ">
  <div
    className="user-icon clearfix">
    <span
      aria-hidden="true"
      className="glyphicon glyphicon-user" />
  </div>
  <ul
    className="user-list">
    <li
      onClick={[Function]}>
      <span
        className="icon_password" />
      <span>
        修改密码
      </span>
    </li>
    <li
      onClick={[Function]}>
      <span
        className="icon_exit" />
      <span>
        退出管理系统
      </span>
    </li>
  </ul>
</div>
`;
