exports[`test PlayerList renders 1`] = `
<div
  className="content player-list">
  <div
    className="heading">
    <select
      className="select type form-control"
      id=""
      onChange={[Function]}
      placeholder={undefined}
      value="null 1">
      <option
        value="null 1">
        null 1
      </option>
      <option
        value="null 2">
        null 2
      </option>
    </select>
    <div
      className="searchText "
      onBlur={[Function]}
      onFocus={[Function]}
      onKeyDown={[Function]}>
      <input
        className="form-control"
        onChange={[Function]}
        placeholder={null}
        type="search"
        value="" />
      <ul
        className="" />
      <span
        className="glyphicon glyphicon-search"
        onClick={[Function]} />
    </div>
    <button
      className="btn btn-primary add-playerList"
      onClick={[Function]}>
      <span>
        button.add
      </span>
    </button>
  </div>
  <div
    className="playerList-container">
    <div
      className="table-responsive ">
      <table
        className="table table-hover">
        <thead>
          <tr>
            <th
              className="hidden">
              <input
                checked={undefined}
                onChange={[Function]}
                type="checkbox" />
            </th>
            <th />
            <th />
            <th />
          </tr>
        </thead>
        <tbody>
          <tr
            className=""
            onClick={[Function]}>
            <td
              className="hidden">
              <input
                checked={false}
                onChange={[Function]}
                type="checkbox" />
            </td>
            <td>
              null 1
            </td>
            <td>
              1920X1080
            </td>
            <td
              className="edit">
              <a
                className="btn"
                onClick={[Function]}>
                <span
                  className="icon_edit" />
                <span
                  className="update">
                  <span>
                    button.modify
                  </span>
                </span>
              </a>
              <a
                className="btn"
                onClick={[Function]}>
                <span
                  className="icon_delete" />
                <span
                  className="del">
                  <span>
                    button.delete
                  </span>
                </span>
              </a>
            </td>
          </tr>
          <tr
            className=""
            onClick={[Function]}>
            <td
              className="hidden">
              <input
                checked={false}
                onChange={[Function]}
                type="checkbox" />
            </td>
            <td>
              null 2
            </td>
            <td>
              1920X1080
            </td>
            <td
              className="edit">
              <a
                className="btn"
                onClick={[Function]}>
                <span
                  className="icon_edit" />
                <span
                  className="update">
                  <span>
                    button.modify
                  </span>
                </span>
              </a>
              <a
                className="btn"
                onClick={[Function]}>
                <span
                  className="icon_delete" />
                <span
                  className="del">
                  <span>
                    button.delete
                  </span>
                </span>
              </a>
            </td>
          </tr>
        </tbody>
      </table>
    </div>
    <ul
      className="rc-pagination page "
      style={Object {}}
      unselectable="unselectable">
      <li
        aria-disabled={true}
        className="rc-pagination-disabled rc-pagination-prev"
        onClick={[Function]}
        onKeyPress={[Function]}
        tabIndex="0"
        title="上一页">
        <a>
          
        </a>
      </li>
      <li
        className="rc-pagination-item rc-pagination-item-1 rc-pagination-item-active"
        onClick={[Function]}
        onKeyPress={[Function]}
        tabIndex="0"
        title={1}>
        <a>
          1
        </a>
      </li>
      <li
        aria-disabled={true}
        className="rc-pagination-disabled rc-pagination-next"
        onClick={[Function]}
        onKeyPress={[Function]}
        tabIndex="0"
        title="下一页">
        <a>
          
        </a>
      </li>
      <div
        className="rc-pagination-options" />
    </ul>
  </div>
</div>
`;
